src/app/(public)/academy/[slug]/page.tsx(4,19): error TS2305: Module '"@/db/schema"' has no exported member 'modules'.
src/app/(public)/academy/[slug]/page.tsx(4,37): error TS2305: Module '"@/db/schema"' has no exported member 'enrollments'.
src/app/(public)/academy/[slug]/page.tsx(16,27): error TS2339: Property 'slug' does not exist on type 'PgTableWithColumns<{ name: "courses"; schema: undefined; columns: { id: PgColumn<{ name: "id"; tableName: "courses"; dataType: "string"; columnType: "PgUUID"; data: string; driverParam: string; notNull: true; hasDefault: true; ... 6 more ...; generated: undefined; }, {}, {}>; ... 5 more ...; createdAt: PgColumn<...>...'.
src/app/(public)/academy/[slug]/page.tsx(47,47): error TS2339: Property 'enrollments' does not exist on type '{ readonly professionals: RelationalQueryBuilder<ExtractTablesWithRelations<typeof import("D:/Bkp/www/kevelynstudio/src/db/schema")>, { tsName: "professionals"; dbName: "professionals"; columns: { ...; }; relations: never; primaryKey: AnyColumn[]; }>; ... 9 more ...; readonly methodologySteps: RelationalQueryBuilder...'.
src/app/(public)/academy/[slug]/page.tsx(60,27): error TS2741: Property 'coverImageUrl' is missing in type '{ id: string; title: string; description: string | null; active: boolean | null; createdAt: Date | null; price: number; thumbnail: string | null; modules: never; }' but required in type '{ id: string; title: string; description: string | null; price: number; coverImageUrl: string | null; }'.
src/app/(public)/academy/page.tsx(14,27): error TS2339: Property 'isPublished' does not exist on type 'PgTableWithColumns<{ name: "courses"; schema: undefined; columns: { id: PgColumn<{ name: "id"; tableName: "courses"; dataType: "string"; columnType: "PgUUID"; data: string; driverParam: string; notNull: true; hasDefault: true; ... 6 more ...; generated: undefined; }, {}, {}>; ... 5 more ...; createdAt: PgColumn<...>...'.
src/app/(public)/academy/page.tsx(35,60): error TS2339: Property 'slug' does not exist on type '{ id: string; title: string; description: string | null; active: boolean | null; createdAt: Date | null; price: number; thumbnail: string | null; }'.
src/app/(public)/academy/page.tsx(39,49): error TS2339: Property 'coverImageUrl' does not exist on type '{ id: string; title: string; description: string | null; active: boolean | null; createdAt: Date | null; price: number; thumbnail: string | null; }'.
src/app/(public)/academy/page.tsx(41,61): error TS2339: Property 'coverImageUrl' does not exist on type '{ id: string; title: string; description: string | null; active: boolean | null; createdAt: Date | null; price: number; thumbnail: string | null; }'.
src/app/admin/clients/page.tsx(5,27): error TS2307: Cannot find module '@tanstack/react-table' or its corresponding type declarations.
src/app/admin/clients/page.tsx(10,24): error TS2307: Cannot find module '@/components/ui/button' or its corresponding type declarations.
src/app/admin/clients/page.tsx(18,8): error TS2307: Cannot find module '@/components/ui/sheet' or its corresponding type declarations.
src/app/admin/clients/page.tsx(41,18): error TS7031: Binding element 'row' implicitly has an 'any' type.
src/app/admin/clients/page.tsx(49,18): error TS7031: Binding element 'row' implicitly has an 'any' type.
src/app/admin/clients/page.tsx(55,18): error TS7031: Binding element 'row' implicitly has an 'any' type.
src/app/admin/courses/[id]/page.tsx(3,19): error TS2305: Module '"@/db/schema"' has no exported member 'modules'.
src/app/admin/courses/page.tsx(38,41): error TS2339: Property 'coverImageUrl' does not exist on type '{ id: string; title: string; description: string | null; thumbnail: string | null; price: number; active: boolean | null; createdAt: Date | null; }'.
src/app/admin/courses/page.tsx(39,56): error TS2339: Property 'coverImageUrl' does not exist on type '{ id: string; title: string; description: string | null; thumbnail: string | null; price: number; active: boolean | null; createdAt: Date | null; }'.
src/app/admin/courses/page.tsx(58,146): error TS2339: Property 'isPublished' does not exist on type '{ id: string; title: string; description: string | null; thumbnail: string | null; price: number; active: boolean | null; createdAt: Date | null; }'.
src/app/admin/courses/page.tsx(59,53): error TS2339: Property 'isPublished' does not exist on type '{ id: string; title: string; description: string | null; thumbnail: string | null; price: number; active: boolean | null; createdAt: Date | null; }'.
src/components/sections/blog-preview.tsx(3,10): error TS2305: Module '"@/db/schema"' has no exported member 'posts'.
src/components/ui/data-table.tsx(9,8): error TS2307: Cannot find module '@tanstack/react-table' or its corresponding type declarations.
src/components/ui/data-table.tsx(18,8): error TS2307: Cannot find module '@/components/ui/table' or its corresponding type declarations.
src/components/ui/data-table.tsx(19,24): error TS2307: Cannot find module '@/components/ui/button' or its corresponding type declarations.
src/components/ui/data-table.tsx(42,55): error TS7006: Parameter 'headerGroup' implicitly has an 'any' type.
src/components/ui/data-table.tsx(44,59): error TS7006: Parameter 'header' implicitly has an 'any' type.
src/components/ui/data-table.tsx(61,59): error TS7006: Parameter 'row' implicitly has an 'any' type.
src/components/ui/data-table.tsx(67,65): error TS7006: Parameter 'cell' implicitly has an 'any' type.
src/db/seed-blog.ts(3,10): error TS2305: Module '"./schema"' has no exported member 'posts'.
src/db/seed.ts(2,44): error TS2305: Module '"@/db/schema"' has no exported member 'modules'.
src/db/seed.ts(66,44): error TS2769: No overload matches this call.
  Overload 1 of 2, '(value: { title: string | SQL<unknown> | Placeholder<string, any>; price: number | SQL<unknown> | Placeholder<string, any>; id?: string | SQL<unknown> | Placeholder<string, any> | undefined; description?: string | ... 3 more ... | undefined; active?: boolean | ... 3 more ... | undefined; createdAt?: Date | ... 3 more ... | undefined; thumbnail?: string | ... 3 more ... | undefined; }): PgInsertBase<...>', gave the following error.
    Object literal may only specify known properties, and 'slug' does not exist in type '{ title: string | SQL<unknown> | Placeholder<string, any>; price: number | SQL<unknown> | Placeholder<string, any>; id?: string | SQL<unknown> | Placeholder<string, any> | undefined; description?: string | ... 3 more ... | undefined; active?: boolean | ... 3 more ... | undefined; createdAt?: Date | ... 3 more ... | ...'.
  Overload 2 of 2, '(values: { title: string | SQL<unknown> | Placeholder<string, any>; price: number | SQL<unknown> | Placeholder<string, any>; id?: string | SQL<unknown> | Placeholder<string, any> | undefined; description?: string | ... 3 more ... | undefined; active?: boolean | ... 3 more ... | undefined; createdAt?: Date | ... 3 more ... | undefined; thumbnail?: string | ... 3 more ... | undefined; }[]): PgInsertBase<...>', gave the following error.
    Object literal may only specify known properties, and 'title' does not exist in type '{ title: string | SQL<unknown> | Placeholder<string, any>; price: number | SQL<unknown> | Placeholder<string, any>; id?: string | SQL<unknown> | Placeholder<string, any> | undefined; description?: string | ... 3 more ... | undefined; active?: boolean | ... 3 more ... | undefined; createdAt?: Date | ... 3 more ... | ...'.
src/db/seed.ts(85,21): error TS2769: No overload matches this call.
  Overload 1 of 2, '(value: { title: string | SQL<unknown> | Placeholder<string, any>; order: number | SQL<unknown> | Placeholder<string, any>; courseId: string | SQL<unknown> | Placeholder<...>; ... 4 more ...; resources?: unknown; }): PgInsertBase<...>', gave the following error.
    Object literal may only specify known properties, and 'moduleId' does not exist in type '{ title: string | SQL<unknown> | Placeholder<string, any>; order: number | SQL<unknown> | Placeholder<string, any>; courseId: string | SQL<unknown> | Placeholder<...>; ... 4 more ...; resources?: unknown; }'.
  Overload 2 of 2, '(values: { title: string | SQL<unknown> | Placeholder<string, any>; order: number | SQL<unknown> | Placeholder<string, any>; courseId: string | SQL<unknown> | Placeholder<...>; ... 4 more ...; resources?: unknown; }[]): PgInsertBase<...>', gave the following error.
    Object literal may only specify known properties, and 'moduleId' does not exist in type '{ title: string | SQL<unknown> | Placeholder<string, any>; order: number | SQL<unknown> | Placeholder<string, any>; courseId: string | SQL<unknown> | Placeholder<...>; ... 4 more ...; resources?: unknown; }[]'.
src/lib/blog-data.ts(216,9): error TS2322: Type '"Dicas"' is not assignable to type '"Lashes" | "Brows" | "Academy" | "Studio" | "Lifestyle" | "Business"'.
